../Core/Src/oled12864.c:21:6:IIC_Start	8	static
../Core/Src/oled12864.c:33:6:IIC_Stop	8	static
../Core/Src/oled12864.c:42:6:IIC_Wait_Ack	8	static
../Core/Src/oled12864.c:68:6:Write_IIC_Byte	24	static
../Core/Src/oled12864.c:92:6:Write_IIC_Command	16	static
../Core/Src/oled12864.c:106:6:Write_IIC_Data	16	static
../Core/Src/oled12864.c:117:6:OLED_WR_Byte	16	static
../Core/Src/oled12864.c:135:6:fill_picture	24	static
../Core/Src/oled12864.c:152:6:Delay_50ms	24	static
../Core/Src/oled12864.c:159:6:Delay_1ms	24	static
../Core/Src/oled12864.c:170:6:OLED_Set_Pos	16	static
../Core/Src/oled12864.c:176:6:OLED_Display_On	8	static
../Core/Src/oled12864.c:183:6:OLED_Display_Off	8	static
../Core/Src/oled12864.c:190:6:OLED_Clear	16	static
../Core/Src/oled12864.c:201:6:OLED_On	16	static
../Core/Src/oled12864.c:217:6:OLED_ShowChar	32	static
../Core/Src/oled12864.c:239:5:oled_pow	24	static
../Core/Src/oled12864.c:251:6:OLED_ShowNum	24	static
../Core/Src/oled12864.c:271:6:OLED_ShowString	24	static
../Core/Src/oled12864.c:283:6:OLED_DrawBMP	32	static
../Core/Src/oled12864.c:303:6:OLED_DrawBMP_Fast	24	static
../Core/Src/oled12864.c:329:6:OLED_Init	8	static
