23:00:53 **** Incremental Build of configuration Debug for project PlayVideo ****
make -j8 all 
arm-none-eabi-gcc -o "PlayVideo.elf" @"objects.list"   -mcpu=cortex-m3 -T"C:\Users\wxyinasilent\Desktop\STM32PlayVideo-master\PlayVideo\STM32F103C8TX_FLASH.ld" --specs=nosys.specs -Wl,-Map="PlayVideo.map" -Wl,--gc-sections -static --specs=nano.specs -mfloat-abi=soft -mthumb -Wl,--start-group -lc -lm -Wl,--end-group
Finished building target: PlayVideo.elf
 
arm-none-eabi-size   PlayVideo.elf 
arm-none-eabi-objdump -h -S  PlayVideo.elf  > "PlayVideo.list"
arm-none-eabi-objcopy  -O ihex  PlayVideo.elf  "PlayVideo.hex"
   text	   data	    bss	    dec	    hex	filename
   9340	   1044	   2668	  13052	   32fc	PlayVideo.elf
arm-none-eabi-objcopy  -O binary  PlayVideo.elf  "PlayVideo.bin"
Finished building: default.size.stdout
 
Finished building: PlayVideo.list
 
Finished building: PlayVideo.bin
Finished building: PlayVideo.hex
 
 

23:00:54 Build Finished. 0 errors, 0 warnings. (took 585ms)

